
> template-test@0.0.0 test
> vitest


 DEV  v2.1.8 /home/vmedina/repos/odin-blog-api/frontend_users

 ‚úì tests/ButtonSubmit.test.jsx (3 tests) 40ms
stdout | tests/FormCredentials.test.jsx > The component  > should be rendered
{
  basename: [Getter],
  future: [Getter],
  state: [Getter],
  routes: [Getter],
  window: [Getter],
  initialize: [Function: initialize],
  subscribe: [Function: subscribe],
  enableScrollRestoration: [Function: enableScrollRestoration],
  navigate: [AsyncFunction: navigate],
  fetch: [AsyncFunction: fetch2],
  revalidate: [Function: revalidate],
  createHref: [Function: createHref],
  encodeLocation: [Function: encodeLocation],
  getFetcher: [Function: getFetcher],
  deleteFetcher: [Function: queueFetcherForDeletion],
  dispose: [Function: dispose],
  getBlocker: [Function: getBlocker],
  deleteBlocker: [Function: deleteBlocker],
  patchRoutes: [Function: patchRoutes],
  _internalFetchControllers: Map(0) {},
  _internalSetRoutes: [Function: _internalSetRoutes]
}

 ‚ùØ tests/FormCredentials.test.jsx (1 test | 1 failed) 5ms
   √ó The component  > should be rendered 4ms
     ‚Üí You must provide a non-empty routes array to createRouter
 ‚úì tests/InputComp.test.jsx (9 tests) 140ms

 Test Files  1 failed | 2 passed (3)
      Tests  1 failed | 12 passed (13)
   Start at  03:18:36
   Duration  828ms (transform 170ms, setup 336ms, collect 332ms, tests 184ms, environment 920ms, prepare 163ms)

 FAIL  Tests failed. Watching for file changes...
       press h to show help, press q to quit
c[3J RERUN  src/routes.jsx x1 

 ‚ùØ tests/FormCredentials.test.jsx (0 test)

 Test Files  1 failed (1)
      Tests  no tests
   Start at  03:26:09
   Duration  117ms

 FAIL  Tests failed. Watching for file changes...
       press h to show help, press q to quit
                                                                                                                                                                                                                                                                                                                                                                                                                                                                                                                                                                                                                                                                                                                                                                                                                                                                                                                                                                                                                                                                                                                                                                                                                                                                                                                                                                                                                                                                                                                                                                                                                                                                                                                                                                                                                                                                                                                                                                                                                                                                                                                                                                   c[3J RERUN  src/routes.jsx x4 

 ‚ùØ tests/FormCredentials.test.jsx (0 test)

 Test Files  1 failed (1)
      Tests  no tests
   Start at  03:26:09
   Duration  118ms

 FAIL  Tests failed. Watching for file changes...
       press h to show help, press q to quit
c[3J RERUN  src/routes/Login.jsx x5 

 ‚ùØ tests/FormCredentials.test.jsx (0 test)

 Test Files  1 failed (1)
      Tests  no tests
   Start at  03:27:00
   Duration  125ms

 FAIL  Tests failed. Watching for file changes...
       press h to show help, press q to quit
c[3J RERUN  src/routes/Login.jsx x6 

 ‚ùØ tests/FormCredentials.test.jsx (0 test)

 Test Files  1 failed (1)
      Tests  no tests
   Start at  03:27:12
   Duration  119ms

 FAIL  Tests failed. Watching for file changes...
       press h to show help, press q to quit
Cancelling test run. Press CTRL+c again to exit forcefully.

